📚 All Available Packages

Found 2 packages in the registry:

🔹 NPM Packages (1):
   📦 test-package (v1.0.0)
      Test package

🔹 PYPI Packages (1):
   🐍 black (v2.0.0)
      Python formatter

