ğŸ“¦ Locally Installed Packages

No packages are currently installed.
Use 'zana install <pkgId>' to install packages.
