📚 All Available Packages

No packages found in the registry.
🔄 Downloading registry...
✅ Registry downloaded successfully!

❌ Still no packages found after downloading registry.
