📚 All Available Packages

No packages found in the registry.
🔄 Downloading registry...
❌ Failed to download registry: assert.AnError general error for testing
💡 Use 'zana' (without flags) to download the registry manually.
